MO chrontel_CH7301C_driver NULL chrontel_CH7301C_driver.v vlg5A/chrontel___c_h7301_c__driver.bin 1527340801
MO chrontel_serial_bus_driver NULL chrontel_serial_bus_driver.v vlg6A/chrontel__serial__bus__driver.bin 1527340801
MO systemPLL NULL systemPLL.v vlg4D/system_p_l_l.bin 1527340801
MO i2c_test_top NULL i2c_test_top.v vlg1B/i2c__test__top.bin 1527340801
